C51 COMPILER V9.60.7.0   INTERRUPT0                                                        04/25/2023 13:53:54 PAGE 1   


C51 COMPILER V9.60.7.0, COMPILATION OF MODULE INTERRUPT0
OBJECT MODULE PLACED IN .\Objects\Interrupt0.obj
COMPILER INVOKED BY: C:\Keil_v5\C51\BIN\C51.EXE Interrupt0.c OPTIMIZE(8,SPEED) BROWSE DEBUG OBJECTEXTEND PRINT(.\Listing
                    -s\Interrupt0.lst) TABS(2) OBJECT(.\Objects\Interrupt0.obj)

line level    source

   1          #include "Interrupt0.h"
   2          
   3          sbit flag = P3^6;
   4          
   5          void Ext_int0_Init(void)        
   6          {
   7   1        flag = 1;
   8   1        EA  = 1;  
   9   1        EX0 = 1;        /* Enable Ext. interrupt0 */
  10   1        IT0 = 1;        /* Select Ext. interrupt0 on falling edge */
  11   1      }
  12          
  13          void External0_ISR(void) interrupt 0
  14          {
  15   1        
  16   1      flag = ~flag;
  17   1        // Mtgeesh hna ya zoz 5lif fe el if in the main.c
  18   1      } 
  19          


MODULE INFORMATION:   STATIC OVERLAYABLE
   CODE SIZE        =     12    ----
   CONSTANT SIZE    =   ----    ----
   XDATA SIZE       =   ----    ----
   PDATA SIZE       =   ----    ----
   DATA SIZE        =   ----    ----
   IDATA SIZE       =   ----    ----
   BIT SIZE         =   ----    ----
END OF MODULE INFORMATION.


C51 COMPILATION COMPLETE.  0 WARNING(S),  0 ERROR(S)
