C51 COMPILER V9.60.7.0   MAIN                                                              04/22/2023 17:35:59 PAGE 1   


C51 COMPILER V9.60.7.0, COMPILATION OF MODULE MAIN
OBJECT MODULE PLACED IN .\Objects\main.obj
COMPILER INVOKED BY: C:\Keil_v5\C51\BIN\C51.EXE main.c OPTIMIZE(8,SPEED) BROWSE DEBUG OBJECTEXTEND PRINT(.\Listings\main
                    -.lst) TABS(2) OBJECT(.\Objects\main.obj)

line level    source

   1          #include <reg51.h>  
   2          #include <stdlib.h>
   3          #include "keypad.h"
   4          #include "timer0.h"
   5          #include "Interrupt0.h"
   6          #include "quad_7segment.h"  
   7          #include "timer1.h"
   8          
   9          sbit flag = P3^0;
  10          
  11          
  12          void main (void)
  13          {
  14   1        // Intialize frequency "num"
  15   1        unsigned int num = 0;
  16   1        // Intialize counter 
  17   1        short counter = 0;
  18   1        
  19   1        // Intialize 7-Segment
  20   1        init_7segment();
  21   1        // Intialize keypad
  22   1        keypad_init();
  23   1        // Intialize Interrupts 0
  24   1        Ext_int0_Init();
  25   1        
  26   1        while(1)                
  27   1        {
  28   2          
  29   2          // read character from keypad
  30   2          unsigned char temp = read_char();
  31   2          // if it is k skip otherwise enter if condition
  32   2          if (temp != 'k')
  33   2          {
  34   3            // multiply num by 10
  35   3            num = num * 10;
  36   3            // Add newly read character to the 7 segment
  37   3            num += (temp - '0');
  38   3            //Counter to check if limit reached
  39   3            counter ++;
  40   3          }
  41   2          //print on 7 segment
  42   2          //Global Flag
  43   2          if (flag == 0 || counter == 5)
  44   2          {
  45   3            num = 0;
  46   3            counter = 0;
  47   3            flag = 1;
  48   3          }
  49   2          show_7segment(num);
  50   2      
  51   2          // Frequency generator
  52   2          set_sq_wave(num);
  53   2        }
  54   1      }
C51 COMPILER V9.60.7.0   MAIN                                                              04/22/2023 17:35:59 PAGE 2   



MODULE INFORMATION:   STATIC OVERLAYABLE
   CODE SIZE        =    109    ----
   CONSTANT SIZE    =   ----    ----
   XDATA SIZE       =   ----    ----
   PDATA SIZE       =   ----    ----
   DATA SIZE        =   ----       5
   IDATA SIZE       =   ----    ----
   BIT SIZE         =   ----    ----
END OF MODULE INFORMATION.


C51 COMPILATION COMPLETE.  0 WARNING(S),  0 ERROR(S)
