C51 COMPILER V9.60.7.0   MAIN                                                              04/18/2023 15:40:25 PAGE 1   


C51 COMPILER V9.60.7.0, COMPILATION OF MODULE MAIN
OBJECT MODULE PLACED IN .\Objects\main.obj
COMPILER INVOKED BY: C:\Users\Blu-Ray\Desktop\Keil 8051\C51\BIN\C51.EXE main.c OPTIMIZE(8,SPEED) BROWSE DEBUG OBJECTEXTE
                    -ND PRINT(.\Listings\main.lst) TABS(2) OBJECT(.\Objects\main.obj)

line level    source

   1          #include<reg51.h>           // special function register declarations
   2                                      // for the intended 8051 derivative
   3                                      
   4          #include"quad_7segment.h"
   5          sbit LED = P3^0;            // Defining LED pin
   6          
   7          void Delay(void);           // Function prototype declaration
   8          
   9          void main (void)
  10          {
  11   1          init_7segment();
  12   1          while(1)                // infinite loop
  13   1          {
  14   2          show_7segment(1234);
  15   2          }
  16   1      }
  17          
  18          void Delay(void)
  19          {
  20   1          int j;
  21   1          int i;
  22   1          for(i=0;i<10;i++)
  23   1          {
  24   2              for(j=0;j<10000;j++)
  25   2              {
  26   3              }
  27   2          }
  28   1      }


MODULE INFORMATION:   STATIC OVERLAYABLE
   CODE SIZE        =     41    ----
   CONSTANT SIZE    =   ----    ----
   XDATA SIZE       =   ----    ----
   PDATA SIZE       =   ----    ----
   DATA SIZE        =   ----    ----
   IDATA SIZE       =   ----    ----
   BIT SIZE         =   ----    ----
END OF MODULE INFORMATION.


C51 COMPILATION COMPLETE.  0 WARNING(S),  0 ERROR(S)
